#-----------------------------------------------------------
# Vivado v2016.4 (64-bit)
# SW Build 1756540 on Mon Jan 23 19:11:23 MST 2017
# IP Build 1755317 on Mon Jan 23 20:30:07 MST 2017
# Start of session at: Tue May 09 09:19:56 2017
# Process ID: 3768
# Current directory: C:/Users/kmd17/Documents/GitHub/Embedded_Systems_lab4_HW_SW_ACCELERATION
# Command line: vivado.exe -gui_launcher_event rodinguilauncherevent10776 C:\Users\kmd17\Documents\GitHub\Embedded_Systems_lab4_HW_SW_ACCELERATION\HWacceleration.xpr
# Log file: C:/Users/kmd17/Documents/GitHub/Embedded_Systems_lab4_HW_SW_ACCELERATION/vivado.log
# Journal file: C:/Users/kmd17/Documents/GitHub/Embedded_Systems_lab4_HW_SW_ACCELERATION\vivado.jou
#-----------------------------------------------------------
start_gui
open_project C:/Users/kmd17/Documents/GitHub/Embedded_Systems_lab4_HW_SW_ACCELERATION/HWacceleration.xpr
ipx::edit_ip_in_project -upgrade true -name AXI_Lite_kmd_edit_v5_0_project -directory C:/Users/kmd17/Documents/GitHub/Embedded_Systems_lab4_HW_SW_ACCELERATION/HWacceleration.tmp/AXI_Lite_kmd_edit_v5_0_project c:/Users/kmd17/Documents/GitHub/Embedded_Systems_lab4_HW_SW_ACCELERATION/ip_repo/led_ip_1.0/component.xml
set_property core_revision 2 [ipx::current_core]
ipx::create_xgui_files [ipx::current_core]
ipx::update_checksums [ipx::current_core]
ipx::save_core [ipx::current_core]
current_project HWacceleration
update_ip_catalog -rebuild -scan_changes
report_ip_status -name ip_status
current_project AXI_Lite_kmd_edit_v5_0_project
current_project HWacceleration
upgrade_ip -vlnv xilinx.com:kmd:led_ip:5.0 [get_ips  Cortex_A9_led_ip_0_0] -log ip_upgrade.log
export_ip_user_files -of_objects [get_ips Cortex_A9_led_ip_0_0] -no_script -sync -force -quiet
reset_run synth_1
launch_runs impl_1 -to_step write_bitstream -jobs 4
wait_on_run impl_1
reset_run impl_1 -prev_step 
launch_runs impl_1 -to_step write_bitstream -jobs 4
wait_on_run impl_1
file copy -force C:/Users/kmd17/Documents/GitHub/Embedded_Systems_lab4_HW_SW_ACCELERATION/HWacceleration.runs/impl_1/Cortex_A9_wrapper.sysdef C:/Users/kmd17/Documents/GitHub/Embedded_Systems_lab4_HW_SW_ACCELERATION/HWacceleration.sdk/Cortex_A9_wrapper.hdf

file copy -force C:/Users/kmd17/Documents/GitHub/Embedded_Systems_lab4_HW_SW_ACCELERATION/HWacceleration.runs/impl_1/Cortex_A9_wrapper.sysdef C:/Users/kmd17/Documents/GitHub/Embedded_Systems_lab4_HW_SW_ACCELERATION/HWacceleration.sdk/Cortex_A9_wrapper.hdf

current_project AXI_Lite_kmd_edit_v5_0_project
launch_runs impl_1 -to_step write_bitstream -jobs 4
wait_on_run impl_1
reset_run synth_1
current_project HWacceleration
file copy -force C:/Users/kmd17/Documents/GitHub/Embedded_Systems_lab4_HW_SW_ACCELERATION/HWacceleration.runs/impl_1/Cortex_A9_wrapper.sysdef C:/Users/kmd17/Documents/GitHub/Embedded_Systems_lab4_HW_SW_ACCELERATION/HWacceleration.sdk/Cortex_A9_wrapper.hdf

launch_sdk -workspace C:/Users/kmd17/Documents/GitHub/Embedded_Systems_lab4_HW_SW_ACCELERATION/HWacceleration.sdk -hwspec C:/Users/kmd17/Documents/GitHub/Embedded_Systems_lab4_HW_SW_ACCELERATION/HWacceleration.sdk/Cortex_A9_wrapper.hdf
current_project AXI_Lite_kmd_edit_v5_0_project
set_property core_revision 3 [ipx::current_core]
ipx::create_xgui_files [ipx::current_core]
ipx::update_checksums [ipx::current_core]
ipx::save_core [ipx::current_core]
current_project HWacceleration
update_ip_catalog -rebuild -scan_changes
report_ip_status -name ip_status
current_project AXI_Lite_kmd_edit_v5_0_project
current_project HWacceleration
upgrade_ip -vlnv xilinx.com:kmd:led_ip:5.0 [get_ips  Cortex_A9_led_ip_0_0] -log ip_upgrade.log
export_ip_user_files -of_objects [get_ips Cortex_A9_led_ip_0_0] -no_script -sync -force -quiet
report_ip_status -name ip_status 
reset_run synth_1
launch_runs impl_1 -to_step write_bitstream -jobs 4
wait_on_run impl_1
current_project AXI_Lite_kmd_edit_v5_0_project
current_project HWacceleration
file copy -force C:/Users/kmd17/Documents/GitHub/Embedded_Systems_lab4_HW_SW_ACCELERATION/HWacceleration.runs/impl_1/Cortex_A9_wrapper.sysdef C:/Users/kmd17/Documents/GitHub/Embedded_Systems_lab4_HW_SW_ACCELERATION/HWacceleration.sdk/Cortex_A9_wrapper.hdf

current_project AXI_Lite_kmd_edit_v5_0_project
set_property core_revision 4 [ipx::current_core]
ipx::create_xgui_files [ipx::current_core]
ipx::update_checksums [ipx::current_core]
ipx::save_core [ipx::current_core]
current_project HWacceleration
update_ip_catalog -rebuild -scan_changes
report_ip_status -name ip_status
current_project AXI_Lite_kmd_edit_v5_0_project
current_project HWacceleration
upgrade_ip -vlnv xilinx.com:kmd:led_ip:5.0 [get_ips  Cortex_A9_led_ip_0_0] -log ip_upgrade.log
export_ip_user_files -of_objects [get_ips Cortex_A9_led_ip_0_0] -no_script -sync -force -quiet
report_ip_status -name ip_status 
reset_run synth_1
launch_runs impl_1 -to_step write_bitstream -jobs 4
wait_on_run impl_1
report_ip_status -name ip_status 
current_project AXI_Lite_kmd_edit_v5_0_project
launch_runs synth_1 -jobs 4
wait_on_run synth_1
reset_run synth_1
launch_runs synth_1 -jobs 4
wait_on_run synth_1
reset_run synth_1
launch_runs synth_1 -jobs 4
wait_on_run synth_1
current_project HWacceleration
update_ip_catalog -rebuild -scan_changes
report_ip_status -name ip_status
current_project AXI_Lite_kmd_edit_v5_0_project
current_project HWacceleration
upgrade_ip -vlnv xilinx.com:kmd:led_ip:5.0 [get_ips  Cortex_A9_led_ip_0_0] -log ip_upgrade.log
export_ip_user_files -of_objects [get_ips Cortex_A9_led_ip_0_0] -no_script -sync -force -quiet
report_ip_status -name ip_status 
reset_run synth_1
launch_runs impl_1 -to_step write_bitstream -jobs 4
wait_on_run impl_1
report_ip_status -name ip_status 
set_property core_revision 5 [ipx::current_core]
ipx::create_xgui_files [ipx::current_core]
ipx::update_checksums [ipx::current_core]
ipx::save_core [ipx::current_core]
file copy -force C:/Users/kmd17/Documents/GitHub/Embedded_Systems_lab4_HW_SW_ACCELERATION/HWacceleration.runs/impl_1/Cortex_A9_wrapper.sysdef C:/Users/kmd17/Documents/GitHub/Embedded_Systems_lab4_HW_SW_ACCELERATION/HWacceleration.sdk/Cortex_A9_wrapper.hdf

current_project AXI_Lite_kmd_edit_v5_0_project
set_property core_revision 6 [ipx::current_core]
ipx::create_xgui_files [ipx::current_core]
ipx::update_checksums [ipx::current_core]
ipx::save_core [ipx::current_core]
current_project HWacceleration
update_ip_catalog -rebuild -scan_changes
report_ip_status -name ip_status
current_project AXI_Lite_kmd_edit_v5_0_project
current_project HWacceleration
upgrade_ip -vlnv xilinx.com:kmd:led_ip:5.0 [get_ips  Cortex_A9_led_ip_0_0] -log ip_upgrade.log
export_ip_user_files -of_objects [get_ips Cortex_A9_led_ip_0_0] -no_script -sync -force -quiet
report_ip_status -name ip_status 
reset_run synth_1
launch_runs impl_1 -to_step write_bitstream -jobs 4
wait_on_run impl_1
report_ip_status -name ip_status 
file copy -force C:/Users/kmd17/Documents/GitHub/Embedded_Systems_lab4_HW_SW_ACCELERATION/HWacceleration.runs/impl_1/Cortex_A9_wrapper.sysdef C:/Users/kmd17/Documents/GitHub/Embedded_Systems_lab4_HW_SW_ACCELERATION/HWacceleration.sdk/Cortex_A9_wrapper.hdf

current_project AXI_Lite_kmd_edit_v5_0_project
reset_run synth_1
launch_runs synth_1 -jobs 4
wait_on_run synth_1
current_project HWacceleration
reset_run impl_1 -prev_step 
launch_runs impl_1 -to_step write_bitstream -jobs 4
wait_on_run impl_1
reset_run impl_1 -prev_step 
update_ip_catalog -rebuild -scan_changes
report_ip_status -name ip_status
upgrade_ip -vlnv xilinx.com:kmd:led_ip:5.0 [get_ips  Cortex_A9_led_ip_0_0] -log ip_upgrade.log
export_ip_user_files -of_objects [get_ips Cortex_A9_led_ip_0_0] -no_script -sync -force -quiet
reset_run impl_1 -prev_step 
set_property core_revision 7 [ipx::current_core]
ipx::create_xgui_files [ipx::current_core]
ipx::update_checksums [ipx::current_core]
ipx::save_core [ipx::current_core]
update_ip_catalog -rebuild -scan_changes
report_ip_status -name ip_status
upgrade_ip -vlnv xilinx.com:kmd:led_ip:5.0 [get_ips  Cortex_A9_led_ip_0_0] -log ip_upgrade.log
export_ip_user_files -of_objects [get_ips Cortex_A9_led_ip_0_0] -no_script -sync -force -quiet
reset_run synth_1
launch_runs impl_1 -to_step write_bitstream -jobs 4
wait_on_run impl_1
file copy -force C:/Users/kmd17/Documents/GitHub/Embedded_Systems_lab4_HW_SW_ACCELERATION/HWacceleration.runs/impl_1/Cortex_A9_wrapper.sysdef C:/Users/kmd17/Documents/GitHub/Embedded_Systems_lab4_HW_SW_ACCELERATION/HWacceleration.sdk/Cortex_A9_wrapper.hdf

current_project AXI_Lite_kmd_edit_v5_0_project
set_property core_revision 8 [ipx::current_core]
ipx::create_xgui_files [ipx::current_core]
ipx::update_checksums [ipx::current_core]
ipx::save_core [ipx::current_core]
current_project HWacceleration
update_ip_catalog -rebuild -scan_changes
report_ip_status -name ip_status
current_project AXI_Lite_kmd_edit_v5_0_project
current_project HWacceleration
upgrade_ip -vlnv xilinx.com:kmd:led_ip:5.0 [get_ips  Cortex_A9_led_ip_0_0] -log ip_upgrade.log
export_ip_user_files -of_objects [get_ips Cortex_A9_led_ip_0_0] -no_script -sync -force -quiet
report_ip_status -name ip_status 
reset_run synth_1
launch_runs impl_1 -to_step write_bitstream -jobs 4
wait_on_run impl_1
file copy -force C:/Users/kmd17/Documents/GitHub/Embedded_Systems_lab4_HW_SW_ACCELERATION/HWacceleration.runs/impl_1/Cortex_A9_wrapper.sysdef C:/Users/kmd17/Documents/GitHub/Embedded_Systems_lab4_HW_SW_ACCELERATION/HWacceleration.sdk/Cortex_A9_wrapper.hdf

current_project AXI_Lite_kmd_edit_v5_0_project
reset_run synth_1
launch_runs synth_1 -jobs 4
wait_on_run synth_1
reset_run synth_1
launch_runs synth_1 -jobs 4
wait_on_run synth_1
set_property core_revision 9 [ipx::current_core]
ipx::create_xgui_files [ipx::current_core]
ipx::update_checksums [ipx::current_core]
ipx::save_core [ipx::current_core]
close_project
update_ip_catalog -rebuild -repo_path c:/Users/kmd17/Documents/GitHub/Embedded_Systems_lab4_HW_SW_ACCELERATION/ip_repo
report_ip_status -name ip_status 
upgrade_ip -vlnv xilinx.com:kmd:led_ip:5.0 [get_ips  Cortex_A9_led_ip_0_0] -log ip_upgrade.log
export_ip_user_files -of_objects [get_ips Cortex_A9_led_ip_0_0] -no_script -sync -force -quiet
report_ip_status -name ip_status 
reset_run synth_1
launch_runs impl_1 -to_step write_bitstream -jobs 4
wait_on_run impl_1
report_ip_status -name ip_status 
file copy -force C:/Users/kmd17/Documents/GitHub/Embedded_Systems_lab4_HW_SW_ACCELERATION/HWacceleration.runs/impl_1/Cortex_A9_wrapper.sysdef C:/Users/kmd17/Documents/GitHub/Embedded_Systems_lab4_HW_SW_ACCELERATION/HWacceleration.sdk/Cortex_A9_wrapper.hdf

ipx::edit_ip_in_project -upgrade true -name AXI_Lite_kmd_edit_v5_0_project -directory C:/Users/kmd17/Documents/GitHub/Embedded_Systems_lab4_HW_SW_ACCELERATION/HWacceleration.tmp/AXI_Lite_kmd_edit_v5_0_project c:/Users/kmd17/Documents/GitHub/Embedded_Systems_lab4_HW_SW_ACCELERATION/ip_repo/led_ip_1.0/component.xml
set_property core_revision 10 [ipx::current_core]
ipx::create_xgui_files [ipx::current_core]
ipx::update_checksums [ipx::current_core]
ipx::save_core [ipx::current_core]
current_project HWacceleration
update_ip_catalog -rebuild -scan_changes
report_ip_status -name ip_status
current_project AXI_Lite_kmd_edit_v5_0_project
current_project HWacceleration
upgrade_ip -vlnv xilinx.com:kmd:led_ip:5.0 [get_ips  Cortex_A9_led_ip_0_0] -log ip_upgrade.log
export_ip_user_files -of_objects [get_ips Cortex_A9_led_ip_0_0] -no_script -sync -force -quiet
report_ip_status -name ip_status 
reset_run synth_1
launch_runs impl_1 -to_step write_bitstream -jobs 4
wait_on_run impl_1
report_ip_status -name ip_status 
file copy -force C:/Users/kmd17/Documents/GitHub/Embedded_Systems_lab4_HW_SW_ACCELERATION/HWacceleration.runs/impl_1/Cortex_A9_wrapper.sysdef C:/Users/kmd17/Documents/GitHub/Embedded_Systems_lab4_HW_SW_ACCELERATION/HWacceleration.sdk/Cortex_A9_wrapper.hdf

current_project AXI_Lite_kmd_edit_v5_0_project
set_property core_revision 11 [ipx::current_core]
ipx::create_xgui_files [ipx::current_core]
ipx::update_checksums [ipx::current_core]
ipx::save_core [ipx::current_core]
current_project HWacceleration
update_ip_catalog -rebuild -scan_changes
report_ip_status -name ip_status
current_project AXI_Lite_kmd_edit_v5_0_project
current_project HWacceleration
upgrade_ip -vlnv xilinx.com:kmd:led_ip:5.0 [get_ips  Cortex_A9_led_ip_0_0] -log ip_upgrade.log
export_ip_user_files -of_objects [get_ips Cortex_A9_led_ip_0_0] -no_script -sync -force -quiet
reset_run synth_1
launch_runs impl_1 -to_step write_bitstream -jobs 4
wait_on_run impl_1
report_ip_status -name ip_status 
file copy -force C:/Users/kmd17/Documents/GitHub/Embedded_Systems_lab4_HW_SW_ACCELERATION/HWacceleration.runs/impl_1/Cortex_A9_wrapper.sysdef C:/Users/kmd17/Documents/GitHub/Embedded_Systems_lab4_HW_SW_ACCELERATION/HWacceleration.sdk/Cortex_A9_wrapper.hdf

current_project AXI_Lite_kmd_edit_v5_0_project
set_property core_revision 12 [ipx::current_core]
ipx::create_xgui_files [ipx::current_core]
ipx::update_checksums [ipx::current_core]
ipx::save_core [ipx::current_core]
current_project HWacceleration
update_ip_catalog -rebuild -scan_changes
report_ip_status -name ip_status
current_project AXI_Lite_kmd_edit_v5_0_project
current_project HWacceleration
upgrade_ip -vlnv xilinx.com:kmd:led_ip:5.0 [get_ips  Cortex_A9_led_ip_0_0] -log ip_upgrade.log
export_ip_user_files -of_objects [get_ips Cortex_A9_led_ip_0_0] -no_script -sync -force -quiet
report_ip_status -name ip_status 
reset_run synth_1
launch_runs impl_1 -to_step write_bitstream -jobs 4
wait_on_run impl_1
report_ip_status -name ip_status 
file copy -force C:/Users/kmd17/Documents/GitHub/Embedded_Systems_lab4_HW_SW_ACCELERATION/HWacceleration.runs/impl_1/Cortex_A9_wrapper.sysdef C:/Users/kmd17/Documents/GitHub/Embedded_Systems_lab4_HW_SW_ACCELERATION/HWacceleration.sdk/Cortex_A9_wrapper.hdf

current_project AXI_Lite_kmd_edit_v5_0_project
set_property core_revision 13 [ipx::current_core]
ipx::create_xgui_files [ipx::current_core]
ipx::update_checksums [ipx::current_core]
ipx::save_core [ipx::current_core]
current_project HWacceleration
update_ip_catalog -rebuild -scan_changes
report_ip_status -name ip_status
current_project AXI_Lite_kmd_edit_v5_0_project
current_project HWacceleration
upgrade_ip -vlnv xilinx.com:kmd:led_ip:5.0 [get_ips  Cortex_A9_led_ip_0_0] -log ip_upgrade.log
export_ip_user_files -of_objects [get_ips Cortex_A9_led_ip_0_0] -no_script -sync -force -quiet
report_ip_status -name ip_status 
reset_run synth_1
launch_runs impl_1 -to_step write_bitstream -jobs 4
wait_on_run impl_1
current_project AXI_Lite_kmd_edit_v5_0_project
current_project HWacceleration
report_ip_status -name ip_status 
file copy -force C:/Users/kmd17/Documents/GitHub/Embedded_Systems_lab4_HW_SW_ACCELERATION/HWacceleration.runs/impl_1/Cortex_A9_wrapper.sysdef C:/Users/kmd17/Documents/GitHub/Embedded_Systems_lab4_HW_SW_ACCELERATION/HWacceleration.sdk/Cortex_A9_wrapper.hdf

current_project AXI_Lite_kmd_edit_v5_0_project
set_property core_revision 14 [ipx::current_core]
ipx::create_xgui_files [ipx::current_core]
ipx::update_checksums [ipx::current_core]
ipx::save_core [ipx::current_core]
current_project HWacceleration
update_ip_catalog -rebuild -scan_changes
report_ip_status -name ip_status
current_project AXI_Lite_kmd_edit_v5_0_project
current_project HWacceleration
upgrade_ip -vlnv xilinx.com:kmd:led_ip:5.0 [get_ips  Cortex_A9_led_ip_0_0] -log ip_upgrade.log
export_ip_user_files -of_objects [get_ips Cortex_A9_led_ip_0_0] -no_script -sync -force -quiet
report_ip_status -name ip_status 
reset_run synth_1
launch_runs impl_1 -to_step write_bitstream -jobs 4
wait_on_run impl_1
report_ip_status -name ip_status 
file copy -force C:/Users/kmd17/Documents/GitHub/Embedded_Systems_lab4_HW_SW_ACCELERATION/HWacceleration.runs/impl_1/Cortex_A9_wrapper.sysdef C:/Users/kmd17/Documents/GitHub/Embedded_Systems_lab4_HW_SW_ACCELERATION/HWacceleration.sdk/Cortex_A9_wrapper.hdf

current_project AXI_Lite_kmd_edit_v5_0_project
current_project HWacceleration
update_ip_catalog -rebuild -scan_changes
report_ip_status -name ip_status
current_project AXI_Lite_kmd_edit_v5_0_project
current_project HWacceleration
upgrade_ip -vlnv xilinx.com:kmd:led_ip:5.0 [get_ips  Cortex_A9_led_ip_0_0] -log ip_upgrade.log
export_ip_user_files -of_objects [get_ips Cortex_A9_led_ip_0_0] -no_script -sync -force -quiet
report_ip_status -name ip_status 
reset_run synth_1
launch_runs impl_1 -to_step write_bitstream -jobs 4
wait_on_run impl_1
report_ip_status -name ip_status 
current_project AXI_Lite_kmd_edit_v5_0_project
current_project HWacceleration
reset_run synth_1
reset_run Cortex_A9_led_ip_0_0_synth_1
update_ip_catalog -rebuild -scan_changes
report_ip_status -name ip_status
upgrade_ip -vlnv xilinx.com:kmd:led_ip:5.0 [get_ips  Cortex_A9_led_ip_0_0] -log ip_upgrade.log
export_ip_user_files -of_objects [get_ips Cortex_A9_led_ip_0_0] -no_script -sync -force -quiet
report_ip_status -name ip_status 
launch_runs impl_1 -to_step write_bitstream -jobs 4
wait_on_run impl_1
report_ip_status -name ip_status 
file copy -force C:/Users/kmd17/Documents/GitHub/Embedded_Systems_lab4_HW_SW_ACCELERATION/HWacceleration.runs/impl_1/Cortex_A9_wrapper.sysdef C:/Users/kmd17/Documents/GitHub/Embedded_Systems_lab4_HW_SW_ACCELERATION/HWacceleration.sdk/Cortex_A9_wrapper.hdf

current_project AXI_Lite_kmd_edit_v5_0_project
current_project HWacceleration
update_ip_catalog -rebuild -scan_changes
report_ip_status -name ip_status
current_project AXI_Lite_kmd_edit_v5_0_project
current_project HWacceleration
upgrade_ip -vlnv xilinx.com:kmd:led_ip:5.0 [get_ips  Cortex_A9_led_ip_0_0] -log ip_upgrade.log
export_ip_user_files -of_objects [get_ips Cortex_A9_led_ip_0_0] -no_script -sync -force -quiet
report_ip_status -name ip_status 
reset_run synth_1
launch_runs impl_1 -to_step write_bitstream -jobs 4
wait_on_run impl_1
report_ip_status -name ip_status 
file copy -force C:/Users/kmd17/Documents/GitHub/Embedded_Systems_lab4_HW_SW_ACCELERATION/HWacceleration.runs/impl_1/Cortex_A9_wrapper.sysdef C:/Users/kmd17/Documents/GitHub/Embedded_Systems_lab4_HW_SW_ACCELERATION/HWacceleration.sdk/Cortex_A9_wrapper.hdf

current_project AXI_Lite_kmd_edit_v5_0_project
current_project HWacceleration
update_ip_catalog -rebuild -scan_changes
report_ip_status -name ip_status
current_project AXI_Lite_kmd_edit_v5_0_project
current_project HWacceleration
upgrade_ip -vlnv xilinx.com:kmd:led_ip:5.0 [get_ips  Cortex_A9_led_ip_0_0] -log ip_upgrade.log
export_ip_user_files -of_objects [get_ips Cortex_A9_led_ip_0_0] -no_script -sync -force -quiet
report_ip_status -name ip_status 
reset_run synth_1
launch_runs impl_1 -to_step write_bitstream -jobs 4
wait_on_run impl_1
report_ip_status -name ip_status 
file copy -force C:/Users/kmd17/Documents/GitHub/Embedded_Systems_lab4_HW_SW_ACCELERATION/HWacceleration.runs/impl_1/Cortex_A9_wrapper.sysdef C:/Users/kmd17/Documents/GitHub/Embedded_Systems_lab4_HW_SW_ACCELERATION/HWacceleration.sdk/Cortex_A9_wrapper.hdf

current_project AXI_Lite_kmd_edit_v5_0_project
current_project HWacceleration
update_ip_catalog -rebuild -scan_changes
report_ip_status -name ip_status
current_project AXI_Lite_kmd_edit_v5_0_project
current_project HWacceleration
upgrade_ip -vlnv xilinx.com:kmd:led_ip:5.0 [get_ips  Cortex_A9_led_ip_0_0] -log ip_upgrade.log
export_ip_user_files -of_objects [get_ips Cortex_A9_led_ip_0_0] -no_script -sync -force -quiet
report_ip_status -name ip_status 
reset_run synth_1
launch_runs impl_1 -to_step write_bitstream -jobs 4
wait_on_run impl_1
file copy -force C:/Users/kmd17/Documents/GitHub/Embedded_Systems_lab4_HW_SW_ACCELERATION/HWacceleration.runs/impl_1/Cortex_A9_wrapper.sysdef C:/Users/kmd17/Documents/GitHub/Embedded_Systems_lab4_HW_SW_ACCELERATION/HWacceleration.sdk/Cortex_A9_wrapper.hdf

current_project AXI_Lite_kmd_edit_v5_0_project
current_project HWacceleration
update_ip_catalog -rebuild -scan_changes
report_ip_status -name ip_status
current_project AXI_Lite_kmd_edit_v5_0_project
current_project HWacceleration
update_ip_catalog -rebuild -scan_changes
report_ip_status -name ip_status
current_project AXI_Lite_kmd_edit_v5_0_project
current_project HWacceleration
upgrade_ip -vlnv xilinx.com:kmd:led_ip:5.0 [get_ips  Cortex_A9_led_ip_0_0] -log ip_upgrade.log
export_ip_user_files -of_objects [get_ips Cortex_A9_led_ip_0_0] -no_script -sync -force -quiet
report_ip_status -name ip_status 
reset_run synth_1
launch_runs impl_1 -to_step write_bitstream -jobs 4
wait_on_run impl_1
file copy -force C:/Users/kmd17/Documents/GitHub/Embedded_Systems_lab4_HW_SW_ACCELERATION/HWacceleration.runs/impl_1/Cortex_A9_wrapper.sysdef C:/Users/kmd17/Documents/GitHub/Embedded_Systems_lab4_HW_SW_ACCELERATION/HWacceleration.sdk/Cortex_A9_wrapper.hdf

current_project AXI_Lite_kmd_edit_v5_0_project
set_property version 6.0 [ipx::current_core]
set_property description {Improved memory access routing. Improved the communication protocol with the cpu. Board Tested} [ipx::current_core]
set_property previous_version_for_upgrade {xilinx.com:user:led_ip:1.0 xilinx.com:kmd:led_ip:2.0 xilinx.com:kmd:led_ip:3.0 xilinx.com:kmd:led_ip:4.0 xilinx.com:kmd:led_ip:5.0} [ipx::current_core]
set_property core_revision 1 [ipx::current_core]
ipx::create_xgui_files [ipx::current_core]
ipx::update_checksums [ipx::current_core]
ipx::save_core [ipx::current_core]
close_project
update_ip_catalog -rebuild -repo_path c:/Users/kmd17/Documents/GitHub/Embedded_Systems_lab4_HW_SW_ACCELERATION/ip_repo
report_ip_status -name ip_status 
upgrade_ip -vlnv xilinx.com:kmd:led_ip:6.0 [get_ips  Cortex_A9_led_ip_0_0] -log ip_upgrade.log
export_ip_user_files -of_objects [get_ips Cortex_A9_led_ip_0_0] -no_script -sync -force -quiet
report_ip_status -name ip_status 
