#-----------------------------------------------------------
# Vivado v2016.4 (64-bit)
# SW Build 1756540 on Mon Jan 23 19:11:23 MST 2017
# IP Build 1755317 on Mon Jan 23 20:30:07 MST 2017
# Start of session at: Thu Mar 30 11:01:17 2017
# Process ID: 4172
# Current directory: C:/Users/kmd17/Documents/GitHub/Embedded_Systems_lab3_CustomIP
# Command line: vivado.exe -gui_launcher_event rodinguilauncherevent9124 C:\Users\kmd17\Documents\GitHub\Embedded_Systems_lab3_CustomIP\CustomIP.xpr
# Log file: C:/Users/kmd17/Documents/GitHub/Embedded_Systems_lab3_CustomIP/vivado.log
# Journal file: C:/Users/kmd17/Documents/GitHub/Embedded_Systems_lab3_CustomIP\vivado.jou
#-----------------------------------------------------------
start_gui
open_project C:/Users/kmd17/Documents/GitHub/Embedded_Systems_lab3_CustomIP/CustomIP.xpr
upgrade_ip[get_ips *]
upgrade_ip[get_ips*]
reset_run synth_1
launch_runs synth_1 -jobs 2
wait_on_run synth_1
open_bd_design {C:/Users/kmd17/Documents/GitHub/Embedded_Systems_lab3_CustomIP/CustomIP.srcs/sources_1/bd/Cortex_A9/Cortex_A9.bd}
delete_bd_objs [get_bd_intf_nets ps7_0_axi_periph_M02_AXI] [get_bd_nets led_ip_0_LED] [get_bd_cells led_ip]
delete_bd_objs [get_bd_ports LED]
set_property  ip_repo_paths  {c:/Users/kmd17/Documents/GitHub/ip_repo/led_ip_1.0 C:/Users/kmd17/Documents/GitHub/Embedded_Systems_lab3_CustomIP/ip_repo} [current_project]
update_ip_catalog
startgroup
create_bd_cell -type ip -vlnv xilinx.com:user:led_ip:1.0 led_ip_0
endgroup
apply_bd_automation -rule xilinx.com:bd_rule:axi4 -config {Master "/processing_system7_0/M_AXI_GP0" Clk "Auto" }  [get_bd_intf_pins led_ip_0/S_AXI]
set_property name led_ip [get_bd_cells led_ip_0]
startgroup
create_bd_port -dir O -from 7 -to 0 LED
connect_bd_net [get_bd_pins /led_ip/LED] [get_bd_ports LED]
endgroup
save_bd_design
reset_run synth_1
launch_runs synth_1 -jobs 2
wait_on_run synth_1
launch_runs impl_1 -to_step write_bitstream -jobs 2
wait_on_run impl_1
