#-----------------------------------------------------------
# Vivado v2016.4 (64-bit)
# SW Build 1756540 on Mon Jan 23 19:11:23 MST 2017
# IP Build 1755317 on Mon Jan 23 20:30:07 MST 2017
# Start of session at: Fri Mar 31 16:39:43 2017
# Process ID: 11324
# Current directory: C:/Users/kmd17/Documents/GitHub/Embedded_Systems_lab3_CustomIP
# Command line: vivado.exe -gui_launcher_event rodinguilauncherevent14268 C:\Users\kmd17\Documents\GitHub\Embedded_Systems_lab3_CustomIP\CustomIP.xpr
# Log file: C:/Users/kmd17/Documents/GitHub/Embedded_Systems_lab3_CustomIP/vivado.log
# Journal file: C:/Users/kmd17/Documents/GitHub/Embedded_Systems_lab3_CustomIP\vivado.jou
#-----------------------------------------------------------
start_gui
open_project C:/Users/kmd17/Documents/GitHub/Embedded_Systems_lab3_CustomIP/CustomIP.xpr
open_bd_design {C:/Users/kmd17/Documents/GitHub/Embedded_Systems_lab3_CustomIP/CustomIP.srcs/sources_1/bd/Cortex_A9/Cortex_A9.bd}
create_peripheral xilinx.com user GRAY_ACCELERATOR 1.0 -dir C:/Users/kmd17/Documents/GitHub/Embedded_Systems_lab3_CustomIP/ip_repo
add_peripheral_interface S00_AXI -interface_mode slave -axi_type lite [ipx::find_open_core xilinx.com:user:GRAY_ACCELERATOR:1.0]
generate_peripheral -driver -bfm_example_design -debug_hw_example_design [ipx::find_open_core xilinx.com:user:GRAY_ACCELERATOR:1.0]
write_peripheral [ipx::find_open_core xilinx.com:user:GRAY_ACCELERATOR:1.0]
set_property  ip_repo_paths  {C:/Users/kmd17/Documents/GitHub/Embedded_Systems_lab3_CustomIP/ip_repo/GRAY_ACCELERATOR_1.0 C:/Users/kmd17/Documents/GitHub/Embedded_Systems_lab3_CustomIP/ip_repo} [current_project]
update_ip_catalog -rebuild
ipx::edit_ip_in_project -upgrade true -name GRAY_ACCELERATOR_v1_0_v1_0_project -directory C:/Users/kmd17/Documents/GitHub/Embedded_Systems_lab3_CustomIP/CustomIP.tmp/GRAY_ACCELERATOR_v1_0_v1_0_project c:/Users/kmd17/Documents/GitHub/Embedded_Systems_lab3_CustomIP/ip_repo/GRAY_ACCELERATOR_1.0/component.xml
current_project CustomIP
current_project GRAY_ACCELERATOR_v1_0_v1_0_project
close_project
ipx::edit_ip_in_project -upgrade true -name led_ip_v1_0_project -directory C:/Users/kmd17/Documents/GitHub/Embedded_Systems_lab3_CustomIP/CustomIP.tmp/led_ip_v1_0_project c:/Users/kmd17/Documents/GitHub/Embedded_Systems_lab3_CustomIP/ip_repo/led_ip_1.0/component.xml
current_project CustomIP
current_project led_ip_v1_0_project
close [ open C:/Users/kmd17/Documents/GitHub/Embedded_Systems_lab3_CustomIP/ip_repo/led_ip_1.0/src/gray_Nbits.v w ]
add_files C:/Users/kmd17/Documents/GitHub/Embedded_Systems_lab3_CustomIP/ip_repo/led_ip_1.0/src/gray_Nbits.v
current_project CustomIP
ipx::edit_ip_in_project -upgrade true -name GRAY_ACCELERATOR_v1_0_v1_0_project -directory C:/Users/kmd17/Documents/GitHub/Embedded_Systems_lab3_CustomIP/CustomIP.tmp/GRAY_ACCELERATOR_v1_0_v1_0_project c:/Users/kmd17/Documents/GitHub/Embedded_Systems_lab3_CustomIP/ip_repo/GRAY_ACCELERATOR_1.0/component.xml
close_project
current_project CustomIP
current_project led_ip_v1_0_project
launch_runs synth_1 -jobs 2
wait_on_run synth_1
set_property core_revision 7 [ipx::current_core]
ipx::create_xgui_files [ipx::current_core]
ipx::update_checksums [ipx::current_core]
ipx::save_core [ipx::current_core]
close_project
update_ip_catalog -rebuild -repo_path c:/Users/kmd17/Documents/GitHub/Embedded_Systems_lab3_CustomIP/ip_repo
upgrade_ip
upgrade_ip
upgrade_ip[*]
report_ip_status -name ip_status 
upgrade_ip -vlnv xilinx.com:user:led_ip:1.0 [get_ips  Cortex_A9_led_ip_0_0] -log ip_upgrade.log
export_ip_user_files -of_objects [get_ips Cortex_A9_led_ip_0_0] -no_script -sync -force -quiet
generate_target all [get_files  C:/Users/kmd17/Documents/GitHub/Embedded_Systems_lab3_CustomIP/CustomIP.srcs/sources_1/bd/Cortex_A9/Cortex_A9.bd]
catch { config_ip_cache -export [get_ips -all Cortex_A9_led_ip_0_0] }
catch { config_ip_cache -export [get_ips -all Cortex_A9_auto_pc_0] }
export_ip_user_files -of_objects [get_files C:/Users/kmd17/Documents/GitHub/Embedded_Systems_lab3_CustomIP/CustomIP.srcs/sources_1/bd/Cortex_A9/Cortex_A9.bd] -no_script -sync -force -quiet
create_ip_run [get_files -of_objects [get_fileset sources_1] C:/Users/kmd17/Documents/GitHub/Embedded_Systems_lab3_CustomIP/CustomIP.srcs/sources_1/bd/Cortex_A9/Cortex_A9.bd]
launch_runs -jobs 2 Cortex_A9_led_ip_0_0_synth_1
export_simulation -of_objects [get_files C:/Users/kmd17/Documents/GitHub/Embedded_Systems_lab3_CustomIP/CustomIP.srcs/sources_1/bd/Cortex_A9/Cortex_A9.bd] -directory C:/Users/kmd17/Documents/GitHub/Embedded_Systems_lab3_CustomIP/CustomIP.ip_user_files/sim_scripts -ip_user_files_dir C:/Users/kmd17/Documents/GitHub/Embedded_Systems_lab3_CustomIP/CustomIP.ip_user_files -ipstatic_source_dir C:/Users/kmd17/Documents/GitHub/Embedded_Systems_lab3_CustomIP/CustomIP.ip_user_files/ipstatic -lib_map_path [list {modelsim=C:/Users/kmd17/Documents/GitHub/Embedded_Systems_lab3_CustomIP/CustomIP.cache/compile_simlib/modelsim} {questa=C:/Users/kmd17/Documents/GitHub/Embedded_Systems_lab3_CustomIP/CustomIP.cache/compile_simlib/questa} {riviera=C:/Users/kmd17/Documents/GitHub/Embedded_Systems_lab3_CustomIP/CustomIP.cache/compile_simlib/riviera} {activehdl=C:/Users/kmd17/Documents/GitHub/Embedded_Systems_lab3_CustomIP/CustomIP.cache/compile_simlib/activehdl}] -use_ip_compiled_libs -force -quiet
report_ip_status -name ip_status 
