02:41:45 **** Auto Build of configuration Debug for project lab4 ****
make pre-build main-build 
a9-linaro-pre-build-step
' '
'Building file: ../src/helloworld.c'
'Invoking: ARM v7 gcc compiler'
arm-none-eabi-gcc -Wall -O0 -g3 -c -fmessage-length=0 -MT"src/helloworld.o" -mcpu=cortex-a9 -mfpu=vfpv3 -mfloat-abi=hard -I../../lab4_bsp/ps7_cortexa9_0/include -MMD -MP -MF"src/helloworld.d" -MT"src/helloworld.o" -o "src/helloworld.o" "../src/helloworld.c"
../src/helloworld.c: In function 'FPGA_test_reconfigured_AXI':
../src/helloworld.c:56:4: warning: 'i' is used uninitialized in this function [-Wuninitialized]
    xil_printf("-- vector_size FPGAprobing:-- %d \r\n",i, LED_IP_mReadReg(XPAR_LED_IP_S_AXI_BASEADDR,LED_IP_S_AXI_SLV_REG3_OFFSET));
    ^
'Finished building: ../src/helloworld.c'
' '
'Building target: lab4.elf'
'Invoking: ARM v7 gcc linker'
arm-none-eabi-gcc -mcpu=cortex-a9 -mfpu=vfpv3 -mfloat-abi=hard -Wl,-build-id=none -specs=Xilinx.spec -Wl,-T -Wl,../src/lscript.ld -L../../lab4_bsp/ps7_cortexa9_0/lib -o "lab4.elf"  ./src/helloworld.o ./src/platform.o   -Wl,--start-group,-lxil,-lgcc,-lc,--end-group
'Finished building target: lab4.elf'
' '
'Invoking: ARM v7 Print Size'
arm-none-eabi-size lab4.elf  |tee "lab4.elf.size"
   text	   data	    bss	    dec	    hex	filename
  26548	   1148	  22568	  50264	   c458	lab4.elf
'Finished building: lab4.elf.size'
' '

02:41:46 Build Finished (took 855ms)

